   Compiling libc v0.2.186
   Compiling smallvec v1.15.1
   Compiling bitflags v2.11.1
   Compiling endian-type v0.2.0
   Compiling unicode-width v0.2.2
   Compiling log v0.4.30
   Compiling home v0.5.12
   Compiling unicode-segmentation v1.13.2
   Compiling serde_json v1.0.149
   Compiling nibble_vec v0.1.0
   Compiling radix_trie v0.3.0
   Compiling getrandom v0.2.17
   Compiling rtoolbox v0.0.5
   Compiling nix v0.31.3
   Compiling redb v2.6.3
   Compiling rpassword v7.5.3
   Compiling rand_core v0.6.4
   Compiling crypto-common v0.1.7
   Compiling password-hash v0.5.0
   Compiling rand_chacha v0.3.1
   Compiling universal-hash v0.5.1
   Compiling cipher v0.4.4
   Compiling digest v0.10.7
   Compiling aead v0.5.2
   Compiling polyval v0.6.2
   Compiling rand v0.8.6
   Compiling blake2 v0.10.6
   Compiling ctr v0.9.2
   Compiling aes v0.8.4
   Compiling ghash v0.5.1
   Compiling argon2 v0.5.3
   Compiling aes-gcm v0.10.3
   Compiling rustyline v18.0.0
   Compiling edisondb v0.1.0 (/home/edisonbl/edisondb)
warning: unused import: `EqlResult`
 --> src/main.rs:1:40
  |
1 | use edisondb::{executor::{EqlExecutor, EqlResult}, eql::parse};
  |                                        ^^^^^^^^^
  |
  = note: `#[warn(unused_imports)]` (part of `#[warn(unused)]`) on by default

warning: `edisondb` (bin "edisondb") generated 1 warning (run `cargo fix --bin "edisondb" -p edisondb` to apply 1 suggestion)
    Finished `dev` profile [unoptimized + debuginfo] target(s) in 8.02s
